// Jest Snapshot v1, https://goo.gl/fbAQLP

exports[`LoginPAGE should render 1`] = `ShallowWrapper {}`;
